Independent verification for t_99a714fb
Started: 2026-08-25T01:25:45.718358+00:00


=== typecheck: npm run typecheck ===

> sketchbook-universe-author-side@0.2.0 typecheck
> tsc --noEmit


=== tests: /srv/sketchbook/Sketchbook-Universe-v2/implementation/node_modules/.bin/vitest run ===

 RUN  v2.1.9 /srv/sketchbook/Sketchbook-Universe-v2/implementation

 ✓ tests/app/state-machine.test.ts (13 tests) 28ms
 ✓ tests/components/components.test.tsx (6 tests) 185ms
 ✓ tests/prediction/partner-http.test.ts (6 tests) 12ms
 ✓ tests/input/hand-gesture.test.ts (8 tests) 6ms
 ✓ tests/prediction/mock-provider.test.ts (6 tests) 14ms
 ✓ tests/prediction/validation.test.ts (10 tests) 6ms
 ✓ tests/domain/decision-resolver.test.ts (7 tests) 5ms
 ✓ tests/domain/behavior-resolver.test.ts (4 tests) 4ms
 ✓ tests/input/normalize.test.ts (4 tests) 4ms
 ✓ tests/game/spawner.test.ts (3 tests) 4ms

 Test Files  10 passed (10)
      Tests  67 passed (67)
   Start at  08:25:48
   Duration  6.94s (transform 178ms, setup 730ms, collect 255ms, tests 268ms, environment 3.71s, prepare 647ms)


=== lint: npm run lint ===

> sketchbook-universe-author-side@0.2.0 lint
> next lint

✔ No ESLint warnings or errors

=== build: npm run build ===

> sketchbook-universe-author-side@0.2.0 build
> next build

  ▲ Next.js 14.2.35
  - Environments: .env.local

   Creating an optimized production build ...
 ✓ Compiled successfully
   Linting and checking validity of types ...
   Collecting page data ...
   Generating static pages (0/5) ...
   Generating static pages (1/5) 
   Generating static pages (2/5) 
   Generating static pages (3/5) 
 ✓ Generating static pages (5/5)
   Finalizing page optimization ...
   Collecting build traces ...
Error: ENOENT: no such file or directory, open '/srv/sketchbook/Sketchbook-Universe-v2/implementation/.next/server/app/_not-found/page.js.nft.json'
    at async open (node:internal/fs/promises:1360:25)
    at async Object.readFile (node:internal/fs/promises:2149:14)
    at async /srv/sketchbook/Sketchbook-Universe-v2/implementation/node_modules/next/dist/build/collect-build-traces.js:429:50
    at async Promise.all (index 0)
    at async /srv/sketchbook/Sketchbook-Universe-v2/implementation/node_modules/next/dist/build/collect-build-traces.js:410:13
    at async Span.traceAsyncFn (/srv/sketchbook/Sketchbook-Universe-v2/implementation/node_modules/next/dist/trace/trace.js:154:20)
    at async collectBuildTraces (/srv/sketchbook/Sketchbook-Universe-v2/implementation/node_modules/next/dist/build/collect-build-traces.js:164:5)
    at async /srv/sketchbook/Sketchbook-Universe-v2/implementation/node_modules/next/dist/build/index.js:2134:13
    at async Span.traceAsyncFn (/srv/sketchbook/Sketchbook-Universe-v2/implementation/node_modules/next/dist/trace/trace.js:154:20)
    at async build (/srv/sketchbook/Sketchbook-Universe-v2/implementation/node_modules/next/dist/build/index.js:368:9) {
  errno: -2,
  code: 'ENOENT',
  syscall: 'open',
  path: '/srv/sketchbook/Sketchbook-Universe-v2/implementation/.next/server/app/_not-found/page.js.nft.json'
}
