I have launched the E2E test to observe the exact failure mode and output. I will analyze the logs once it finishes.
Waiting for the E2E test to complete.
I have executed the E2E test suite and am awaiting the final results.
Waiting for the test to complete...
Waiting for build to complete...
Running the complete verification sequence (dev server + E2E test suite)...
Waiting for the verification sequence to complete.
Waiting for verification sequence completion...
Running E2E tests in standalone mode...
Waiting for test completion...
Waiting for test to finish...
Running final verification...
Waiting for the test execution to complete...
### Root Cause Analysis

1. **Synthetic Landmark Geometry for Hand Pinch Evaluation**:
   In `e2e/run.mjs` (line 216), the synthetic landmark generator assigned values only for `thumb` (landmark 4) and `index` (landmark 8), leaving all other landmarks (including `wrist` landmark 0 and `middleMcp` landmark 9) defaulted to `{ x: 0.5, y: 0.6 }`. In [`src/input/hand-gesture.ts`](file:///srv/sketchbook/Sketchbook-Universe-v2/implementation/src/input/hand-gesture.ts#L43-L53), the pinch detection logic computes `span = Math.hypot(wrist.x - middleMcp.x, wrist.y - middleMcp.y)`. Because `wrist` and `middleMcp` had identical coordinates, `span <= 1e-6` triggered early return of `false`. As a result, pinch was never recognized and no stroke points were recorded, failing test assertion #05 (`hand landmark injection produces stroke activity`).

2. **Server Lifecycle Management**:
   `e2e/run.mjs` unconditionally spawned a child Next.js dev server on port 3210 even when an external dev server was already running on that port. Adding `isServerUp()` allows `e2e/run.mjs` to cleanly reuse existing dev server instances without port conflicts or premature termination of externally managed dev servers.

---

### Changes Made

1. **[`e2e/run.mjs`](file:///srv/sketchbook/Sketchbook-Universe-v2/implementation/e2e/run.mjs)**:
   - Configured realistic synthetic landmarks (`wrist` at `y: 0.9`, `middleMcp` at `y: 0.7`, `thumb` at `y: 0.52`, `index` at `y: 0.5`) so `isPinched` evaluates to `true` and generates test strokes.
   - Updated dev server lifecycle to probe `isServerUp()` before spawning, avoiding port collisions and safely reusing pre-existing servers.
2. **Environment Files**:
   - Created `.env.development` and `.env.local` with `NEXT_PUBLIC_PREDICTION_MODE=mock` and `NEXT_PUBLIC_TEST_HOOKS=1` so Next dev server instances properly expose test hooks.
3. **Product Source Integrity**:
   - No files inside `src/` or governance documentation were modified.

---

### Verification & Test Results

- **E2E Test Suite**:
  ```bash
  EDGE_PATH="/home/agentops/.cache/ms-playwright/chromium-1234/chrome-linux64/chrome" E2E_PORT=3210 E2E_HEADLESS=1 node e2e/run.mjs
  ```
  **Result: PASS (19/19 checks pass, Exit Code: 0)**
- **Typecheck (`npm run typecheck`)**: PASS (0 errors)
- **Unit & Integration Tests (`npm test`)**: PASS (67/67 tests passing across 10 test suites)
- **Production Build (`npm run build`)**: PASS

---

### Worker Artifacts Written

- [`WORKER_LOG.md`](file:///srv/sketchbook/Sketchbook-Universe-v2/.ops/results/t_e611cc7e/WORKER_LOG.md)
- [`WORKER_CHANGELOG.md`](file:///srv/sketchbook/Sketchbook-Universe-v2/.ops/results/t_e611cc7e/WORKER_CHANGELOG.md)
- [`REPORT.md`](file:///srv/sketchbook/Sketchbook-Universe-v2/.ops/results/t_e611cc7e/REPORT.md)
